================================================================
 ansible-playbook 再実行による冪等性確認サンプル
 実行日時 : 2026-05-10 21:18:02 JST（同playbook 1回目適用の 5分後）
 実行者   : opsadmin@workstation
 対象     : lab-vm01 (10.50.10.12)
 目的     : 「2回目実行で changed=0 になること」の確認
 コマンド : ansible-playbook -i inventory.ini playbook.yml
================================================================

PLAY [Baseline hardening for Ubuntu hosts] *****************************

TASK [Gathering Facts] *************************************************
ok: [lab-vm01]

TASK [apt キャッシュ更新と全パッケージ upgrade] **************************
ok: [lab-vm01]

TASK [必須パッケージ] **************************************************
ok: [lab-vm01]

TASK [unattended-upgrades を有効化] ************************************
ok: [lab-vm01]

TASK [sudo グループの作成は不要だが、念のため確認] *****************
ok: [lab-vm01]

TASK [管理ユーザーを作成] *********************************************
ok: [lab-vm01]

TASK [公開鍵を authorized_keys に投入] *********************************
ok: [lab-vm01]

TASK [sudo パスワードレス（必要な場合のみ。鍵+多要素前提）] *********
ok: [lab-vm01]

TASK [sshd_config を Ansible 管理下に置く] *****************************
ok: [lab-vm01]

TASK [UFW デフォルトを deny incoming / allow outgoing に] **************
ok: [lab-vm01] => (item={'direction': 'incoming', 'policy': 'deny'})
ok: [lab-vm01] => (item={'direction': 'outgoing', 'policy': 'allow'})

TASK [UFW で必要な TCP ポートを許可] **********************************
ok: [lab-vm01] => (item=22)
ok: [lab-vm01] => (item=80)
ok: [lab-vm01] => (item=443)

TASK [UFW 有効化] *****************************************************
ok: [lab-vm01]

TASK [fail2ban の sshd jail を有効化] **********************************
ok: [lab-vm01]

TASK [auditd 起動と自動起動有効化] *************************************
ok: [lab-vm01]

TASK [基本 audit ルール（ログイン / sudo / passwd 変更）] **************
ok: [lab-vm01]

TASK [journald のログを永続保管にする] ********************************
ok: [lab-vm01]

TASK [タイムゾーンを設定] *********************************************
ok: [lab-vm01]

TASK [systemd-timesyncd を有効化] **************************************
ok: [lab-vm01]

PLAY RECAP *************************************************************
lab-vm01 : ok=21  changed=0  unreachable=0  failed=0  skipped=0  rescued=0  ignored=0

================================================================
 確認結果:
   ✓ changed=0 / failed=0 → 冪等性 OK
   ✓ ハンドラ未起動 → 設定変更なし
   ✓ 所要時間 38 秒（初回適用時は 2分14秒）
================================================================
